Script started on 2025-09-19 22:14:09+09:00 [TERM="xterm" TTY="/dev/pts/0" COLUMNS="161" LINES="30"]
]0;landlore@localhost:/codex/test1[?2004h[landlore@localhost test1]$ gemini
[?2004l[?u[cLoaded cached credentials.
]2;Gemini - test1
[96m ███            █████████  █████[94m█████[95m ██████   [35m██████ █████ ██████   █████ ██[95m██[91m█[39m
[96m░░░███         ███░░░░░███░░███░[94m░░░░█[95m░░██████ █[35m█████ ░░███ ░░██████ ░░███ ░░[95m██[91m█[39m
[96m  ░░░███      ███     ░░░  ░███ [94m █ ░ [95m ░███░████[35m█░███  ░███  ░███░███ ░███  ░[95m██[91m█[39m
[96m    ░░░███   ░███          ░████[94m██   [95m ░███░░███[35m ░███  ░███  ░███░░███░███  ░[95m██[91m█[39m
[96m     ███░    ░███    █████ ░███░[94m░█   [95m ░███ ░░░ [35m ░███  ░███  ░███ ░░██████  ░[95m██[91m█[39m
[96m   ███░      ░░███  ░░███  ░███ [94m░   █[95m ░███     [35m ░███  ░███  ░███  ░░█████  ░[95m██[91m█[39m
[96m ███░         ░░█████████  █████[94m█████[95m █████    [35m █████ █████ █████  ░░█████ ██[95m██[91m█[39m
[96m░░░            ░░░░░░░░░  ░░░░░░[94m░░░░ [95m░░░░░     [35m░░░░░ ░░░░░ ░░░░░    ░░░░░ ░░[95m░░[91m░[39m

[97mTips for getting started:[39m
[97m1. Ask questions, edit files, or run commands.[39m
[97m2. Be specific for the best results.[39m
[97m3. [1m/help[22m for more information.[39m
[?25l[34m╭───────────────────────────────────────────────────────────────────────────────────────────────────────────────────────────────────────────────╮[39m
[34m│[39m                                                                                                                                               [34m│[39m
[34m│[39m ⠋ Waiting for auth... (Press ESC or CTRL+C to cancel)                                                                                         [34m│[39m
[34m│[39m                                                                                                                                               [34m│[39m
[34m╰───────────────────────────────────────────────────────────────────────────────────────────────────────────────────────────────────────────────╯[39m
[?25l[?1004h[?2004h[2J[3J[H[2K[1A[2K[1A[2K[1A[2K[1A[2K[1A[2K[G
[96m ███            █████████  █████[94m█████[95m ██████   [35m██████ █████ ██████   █████ ██[95m██[91m█[39m
[96m░░░███         ███░░░░░███░░███░[94m░░░░█[95m░░██████ █[35m█████ ░░███ ░░██████ ░░███ ░░[95m██[91m█[39m
[96m  ░░░███      ███     ░░░  ░███ [94m █ ░ [95m ░███░████[35m█░███  ░███  ░███░███ ░███  ░[95m██[91m█[39m
[96m    ░░░███   ░███          ░████[94m██   [95m ░███░░███[35m ░███  ░███  ░███░░███░███  ░[95m██[91m█[39m
[96m     ███░    ░███    █████ ░███░[94m░█   [95m ░███ ░░░ [35m ░███  ░███  ░███ ░░██████  ░[95m██[91m█[39m
[96m   ███░      ░░███  ░░███  ░███ [94m░   █[95m ░███     [35m ░███  ░███  ░███  ░░█████  ░[95m██[91m█[39m
[96m ███░         ░░█████████  █████[94m█████[95m █████    [35m █████ █████ █████  ░░█████ ██[95m██[91m█[39m
[96m░░░            ░░░░░░░░░  ░░░░░░[94m░░░░ [95m░░░░░     [35m░░░░░ ░░░░░ ░░░░░    ░░░░░ ░░[95m░░[91m░[39m

[97mTips for getting started:[39m
[97m1. Ask questions, edit files, or run commands.[39m
[97m2. Be specific for the best results.[39m
[97m3. [1m/help[22m for more information.[39m
[34m╭───────────────────────────────────────────────────────────────────────────────────────────────────────────────────────────────────────────────╮[39m
[34m│[39m                                                                                                                                               [34m│[39m
[34m│[39m ⠋ Waiting for auth... (Press ESC or CTRL+C to cancel)                                                                                         [34m│[39m
[34m│[39m                                                                                                                                               [34m│[39m
[34m╰───────────────────────────────────────────────────────────────────────────────────────────────────────────────────────────────────────────────╯[39m
[2K[1A[2K[1A[2K[1A[2K[1A[2K[1A[2K[G[34m╭───────────────────────────────────────────────────────────────────────────────────────────────────────────────────────────────────────────────╮[39m
[34m│[39m                                                                                                                                               [34m│[39m
[34m│[39m ⠙ Waiting for auth... (Press ESC or CTRL+C to cancel)                                                                                         [34m│[39m
[34m│[39m                                                                                                                                               [34m│[39m
[34m╰───────────────────────────────────────────────────────────────────────────────────────────────────────────────────────────────────────────────╯[39m
[2K[1A[2K[1A[2K[1A[2K[1A[2K[1A[2K[G[34m╭───────────────────────────────────────────────────────────────────────────────────────────────────────────────────────────────────────────────╮[39m
[34m│[39m                                                                                                                                               [34m│[39m
[34m│[39m ⠹ Waiting for auth... (Press ESC or CTRL+C to cancel)                                                                                         [34m│[39m
[34m│[39m                                                                                                                                               [34m│[39m
[34m╰───────────────────────────────────────────────────────────────────────────────────────────────────────────────────────────────────────────────╯[39m
[2K[1A[2K[1A[2K[1A[2K[1A[2K[1A[2K[G[34m╭───────────────────────────────────────────────────────────────────────────────────────────────────────────────────────────────────────────────╮[39m
[34m│[39m                                                                                                                                               [34m│[39m
[34m│[39m ⠸ Waiting for auth... (Press ESC or CTRL+C to cancel)                                                                                         [34m│[39m
[34m│[39m                                                                                                                                               [34m│[39m
[34m╰───────────────────────────────────────────────────────────────────────────────────────────────────────────────────────────────────────────────╯[39m
[2K[1A[2K[1A[2K[1A[2K[1A[2K[1A[2K[G[34m╭───────────────────────────────────────────────────────────────────────────────────────────────────────────────────────────────────────────────╮[39m
[34m│[39m                                                                                                                                               [34m│[39m
[34m│[39m ⠼ Waiting for auth... (Press ESC or CTRL+C to cancel)                                                                                         [34m│[39m
[34m│[39m                                                                                                                                               [34m│[39m
[34m╰───────────────────────────────────────────────────────────────────────────────────────────────────────────────────────────────────────────────╯[39m
[2K[1A[2K[1A[2K[1A[2K[1A[2K[1A[2K[G[34m╭───────────────────────────────────────────────────────────────────────────────────────────────────────────────────────────────────────────────╮[39m
[34m│[39m                                                                                                                                               [34m│[39m
[34m│[39m ⠴ Waiting for auth... (Press ESC or CTRL+C to cancel)                                                                                         [34m│[39m
[34m│[39m                                                                                                                                               [34m│[39m
[34m╰───────────────────────────────────────────────────────────────────────────────────────────────────────────────────────────────────────────────╯[39m
[2K[1A[2K[1A[2K[1A[2K[1A[2K[1A[2K[G[34m╭───────────────────────────────────────────────────────────────────────────────────────────────────────────────────────────────────────────────╮[39m
[34m│[39m                                                                                                                                               [34m│[39m
[34m│[39m ⠦ Waiting for auth... (Press ESC or CTRL+C to cancel)                                                                                         [34m│[39m
[34m│[39m                                                                                                                                               [34m│[39m
[34m╰───────────────────────────────────────────────────────────────────────────────────────────────────────────────────────────────────────────────╯[39m
[2K[1A[2K[1A[2K[1A[2K[1A[2K[1A[2K[G[34m╭───────────────────────────────────────────────────────────────────────────────────────────────────────────────────────────────────────────────╮[39m
[34m│[39m                                                                                                                                               [34m│[39m
[34m│[39m ⠧ Waiting for auth... (Press ESC or CTRL+C to cancel)                                                                                         [34m│[39m
[34m│[39m                                                                                                                                               [34m│[39m
[34m╰───────────────────────────────────────────────────────────────────────────────────────────────────────────────────────────────────────────────╯[39m
[2K[1A[2K[1A[2K[1A[2K[1A[2K[1A[2K[G[34m╭───────────────────────────────────────────────────────────────────────────────────────────────────────────────────────────────────────────────╮[39m
[34m│[39m                                                                                                                                               [34m│[39m
[34m│[39m ⠇ Waiting for auth... (Press ESC or CTRL+C to cancel)                                                                                         [34m│[39m
[34m│[39m                                                                                                                                               [34m│[39m
[34m╰───────────────────────────────────────────────────────────────────────────────────────────────────────────────────────────────────────────────╯[39m
[2K[1A[2K[1A[2K[1A[2K[1A[2K[1A[2K[G[34m╭───────────────────────────────────────────────────────────────────────────────────────────────────────────────────────────────────────────────╮[39m
[34m│[39m                                                                                                                                               [34m│[39m
[34m│[39m ⠏ Waiting for auth... (Press ESC or CTRL+C to cancel)                                                                                         [34m│[39m
[34m│[39m                                                                                                                                               [34m│[39m
[34m╰───────────────────────────────────────────────────────────────────────────────────────────────────────────────────────────────────────────────╯[39m
[2K[1A[2K[1A[2K[1A[2K[1A[2K[1A[2K[G[34m╭───────────────────────────────────────────────────────────────────────────────────────────────────────────────────────────────────────────────╮[39m
[34m│[39m                                                                                                                                               [34m│[39m
[34m│[39m ⠋ Waiting for auth... (Press ESC or CTRL+C to cancel)                                                                                         [34m│[39m
[34m│[39m                                                                                                                                               [34m│[39m
[34m╰───────────────────────────────────────────────────────────────────────────────────────────────────────────────────────────────────────────────╯[39m
[2K[1A[2K[1A[2K[1A[2K[1A[2K[1A[2K[G[34m╭───────────────────────────────────────────────────────────────────────────────────────────────────────────────────────────────────────────────╮[39m
[34m│[39m                                                                                                                                               [34m│[39m
[34m│[39m ⠙ Waiting for auth... (Press ESC or CTRL+C to cancel)                                                                                         [34m│[39m
[34m│[39m                                                                                                                                               [34m│[39m
[34m╰───────────────────────────────────────────────────────────────────────────────────────────────────────────────────────────────────────────────╯[39m
[2K[1A[2K[1A[2K[1A[2K[1A[2K[1A[2K[G[34m╭───────────────────────────────────────────────────────────────────────────────────────────────────────────────────────────────────────────────╮[39m
[34m│[39m                                                                                                                                               [34m│[39m
[34m│[39m ⠹ Waiting for auth... (Press ESC or CTRL+C to cancel)                                                                                         [34m│[39m
[34m│[39m                                                                                                                                               [34m│[39m
[34m╰───────────────────────────────────────────────────────────────────────────────────────────────────────────────────────────────────────────────╯[39m
[2K[1A[2K[1A[2K[1A[2K[1A[2K[1A[2K[G[34m╭───────────────────────────────────────────────────────────────────────────────────────────────────────────────────────────────────────────────╮[39m
[34m│[39m                                                                                                                                               [34m│[39m
[34m│[39m ⠸ Waiting for auth... (Press ESC or CTRL+C to cancel)                                                                                         [34m│[39m
[34m│[39m                                                                                                                                               [34m│[39m
[34m╰───────────────────────────────────────────────────────────────────────────────────────────────────────────────────────────────────────────────╯[39m
[2K[1A[2K[1A[2K[1A[2K[1A[2K[1A[2K[G[34m╭───────────────────────────────────────────────────────────────────────────────────────────────────────────────────────────────────────────────╮[39m
[34m│[39m                                                                                                                                               [34m│[39m
[34m│[39m ⠼ Waiting for auth... (Press ESC or CTRL+C to cancel)                                                                                         [34m│[39m
[34m│[39m                                                                                                                                               [34m│[39m
[34m╰───────────────────────────────────────────────────────────────────────────────────────────────────────────────────────────────────────────────╯[39m
[2K[1A[2K[1A[2K[1A[2K[1A[2K[1A[2K[G[34m╭───────────────────────────────────────────────────────────────────────────────────────────────────────────────────────────────────────────────╮[39m
[34m│[39m                                                                                                                                               [34m│[39m
[34m│[39m ⠴ Waiting for auth... (Press ESC or CTRL+C to cancel)                                                                                         [34m│[39m
[34m│[39m                                                                                                                                               [34m│[39m
[34m╰───────────────────────────────────────────────────────────────────────────────────────────────────────────────────────────────────────────────╯[39m
[2K[1A[2K[1A[2K[1A[2K[1A[2K[1A[2K[G[34m╭───────────────────────────────────────────────────────────────────────────────────────────────────────────────────────────────────────────────╮[39m
[34m│[39m                                                                                                                                               [34m│[39m
[34m│[39m ⠦ Waiting for auth... (Press ESC or CTRL+C to cancel)                                                                                         [34m│[39m
[34m│[39m                                                                                                                                               [34m│[39m
[34m╰───────────────────────────────────────────────────────────────────────────────────────────────────────────────────────────────────────────────╯[39m
[2K[1A[2K[1A[2K[1A[2K[1A[2K[1A[2K[G[34m╭───────────────────────────────────────────────────────────────────────────────────────────────────────────────────────────────────────────────╮[39m
[34m│[39m                                                                                                                                               [34m│[39m
[34m│[39m ⠧ Waiting for auth... (Press ESC or CTRL+C to cancel)                                                                                         [34m│[39m
[34m│[39m                                                                                                                                               [34m│[39m
[34m╰───────────────────────────────────────────────────────────────────────────────────────────────────────────────────────────────────────────────╯[39m
[2K[1A[2K[1A[2K[1A[2K[1A[2K[1A[2K[G[34m╭───────────────────────────────────────────────────────────────────────────────────────────────────────────────────────────────────────────────╮[39m
[34m│[39m                                                                                                                                               [34m│[39m
[34m│[39m ⠇ Waiting for auth... (Press ESC or CTRL+C to cancel)                                                                                         [34m│[39m
[34m│[39m                                                                                                                                               [34m│[39m
[34m╰───────────────────────────────────────────────────────────────────────────────────────────────────────────────────────────────────────────────╯[39m
[2K[1A[2K[1A[2K[1A[2K[1A[2K[1A[2K[G[34m╭───────────────────────────────────────────────────────────────────────────────────────────────────────────────────────────────────────────────╮[39m
[34m│[39m                                                                                                                                               [34m│[39m
[34m│[39m ⠏ Waiting for auth... (Press ESC or CTRL+C to cancel)                                                                                         [34m│[39m
[34m│[39m                                                                                                                                               [34m│[39m
[34m╰───────────────────────────────────────────────────────────────────────────────────────────────────────────────────────────────────────────────╯[39m
[2K[1A[2K[1A[2K[1A[2K[1A[2K[1A[2K[G[34m╭───────────────────────────────────────────────────────────────────────────────────────────────────────────────────────────────────────────────╮[39m
[34m│[39m                                                                                                                                               [34m│[39m
[34m│[39m ⠋ Waiting for auth... (Press ESC or CTRL+C to cancel)                                                                                         [34m│[39m
[34m│[39m                                                                                                                                               [34m│[39m
[34m╰───────────────────────────────────────────────────────────────────────────────────────────────────────────────────────────────────────────────╯[39m
[2K[1A[2K[1A[2K[1A[2K[1A[2K[1A[2K[G[34m╭───────────────────────────────────────────────────────────────────────────────────────────────────────────────────────────────────────────────╮[39m
[34m│[39m                                                                                                                                               [34m│[39m
[34m│[39m ⠙ Waiting for auth... (Press ESC or CTRL+C to cancel)                                                                                         [34m│[39m
[34m│[39m                                                                                                                                               [34m│[39m
[34m╰───────────────────────────────────────────────────────────────────────────────────────────────────────────────────────────────────────────────╯[39m
[2K[1A[2K[1A[2K[1A[2K[1A[2K[1A[2K[G[34m╭───────────────────────────────────────────────────────────────────────────────────────────────────────────────────────────────────────────────╮[39m
[34m│[39m                                                                                                                                               [34m│[39m
[34m│[39m ⠹ Waiting for auth... (Press ESC or CTRL+C to cancel)                                                                                         [34m│[39m
[34m│[39m                                                                                                                                               [34m│[39m
[34m╰───────────────────────────────────────────────────────────────────────────────────────────────────────────────────────────────────────────────╯[39m
[2K[1A[2K[1A[2K[1A[2K[1A[2K[1A[2K[G[34m╭───────────────────────────────────────────────────────────────────────────────────────────────────────────────────────────────────────────────╮[39m
[34m│[39m                                                                                                                                               [34m│[39m
[34m│[39m ⠸ Waiting for auth... (Press ESC or CTRL+C to cancel)                                                                                         [34m│[39m
[34m│[39m                                                                                                                                               [34m│[39m
[34m╰───────────────────────────────────────────────────────────────────────────────────────────────────────────────────────────────────────────────╯[39m
[2K[1A[2K[1A[2K[1A[2K[1A[2K[1A[2K[G[34m╭───────────────────────────────────────────────────────────────────────────────────────────────────────────────────────────────────────────────╮[39m
[34m│[39m                                                                                                                                               [34m│[39m
[34m│[39m ⠼ Waiting for auth... (Press ESC or CTRL+C to cancel)                                                                                         [34m│[39m
[34m│[39m                                                                                                                                               [34m│[39m
[34m╰───────────────────────────────────────────────────────────────────────────────────────────────────────────────────────────────────────────────╯[39m
[2K[1A[2K[1A[2K[1A[2K[1A[2K[1A[2K[G[34m╭───────────────────────────────────────────────────────────────────────────────────────────────────────────────────────────────────────────────╮[39m
[34m│[39m                                                                                                                                               [34m│[39m
[34m│[39m ⠴ Waiting for auth... (Press ESC or CTRL+C to cancel)                                                                                         [34m│[39m
[34m│[39m                                                                                                                                               [34m│[39m
[34m╰───────────────────────────────────────────────────────────────────────────────────────────────────────────────────────────────────────────────╯[39m
[2K[1A[2K[1A[2K[1A[2K[1A[2K[1A[2K[G[34m╭───────────────────────────────────────────────────────────────────────────────────────────────────────────────────────────────────────────────╮[39m
[34m│[39m                                                                                                                                               [34m│[39m
[34m│[39m ⠦ Waiting for auth... (Press ESC or CTRL+C to cancel)                                                                                         [34m│[39m
[34m│[39m                                                                                                                                               [34m│[39m
[34m╰───────────────────────────────────────────────────────────────────────────────────────────────────────────────────────────────────────────────╯[39m
[2K[1A[2K[1A[2K[1A[2K[1A[2K[1A[2K[G[34m╭───────────────────────────────────────────────────────────────────────────────────────────────────────────────────────────────────────────────╮[39m
[34m│[39m                                                                                                                                               [34m│[39m
[34m│[39m ⠧ Waiting for auth... (Press ESC or CTRL+C to cancel)                                                                                         [34m│[39m
[34m│[39m                                                                                                                                               [34m│[39m
[34m╰───────────────────────────────────────────────────────────────────────────────────────────────────────────────────────────────────────────────╯[39m
[2K[1A[2K[1A[2K[1A[2K[1A[2K[1A[2K[G[34m╭───────────────────────────────────────────────────────────────────────────────────────────────────────────────────────────────────────────────╮[39m
[34m│[39m                                                                                                                                               [34m│[39m
[34m│[39m ⠇ Waiting for auth... (Press ESC or CTRL+C to cancel)                                                                                         [34m│[39m
[34m│[39m                                                                                                                                               [34m│[39m
[34m╰───────────────────────────────────────────────────────────────────────────────────────────────────────────────────────────────────────────────╯[39m
[2K[1A[2K[1A[2K[1A[2K[1A[2K[1A[2K[G[34m╭───────────────────────────────────────────────────────────────────────────────────────────────────────────────────────────────────────────────╮[39m
[34m│[39m                                                                                                                                               [34m│[39m
[34m│[39m ⠏ Waiting for auth... (Press ESC or CTRL+C to cancel)                                                                                         [34m│[39m
[34m│[39m                                                                                                                                               [34m│[39m
[34m╰───────────────────────────────────────────────────────────────────────────────────────────────────────────────────────────────────────────────╯[39m
[2K[1A[2K[1A[2K[1A[2K[1A[2K[1A[2K[G[34m╭───────────────────────────────────────────────────────────────────────────────────────────────────────────────────────────────────────────────╮[39m
[34m│[39m                                                                                                                                               [34m│[39m
[34m│[39m ⠋ Waiting for auth... (Press ESC or CTRL+C to cancel)                                                                                         [34m│[39m
[34m│[39m                                                                                                                                               [34m│[39m
[34m╰───────────────────────────────────────────────────────────────────────────────────────────────────────────────────────────────────────────────╯[39m
[2K[1A[2K[1A[2K[1A[2K[1A[2K[1A[2K[G[34m╭───────────────────────────────────────────────────────────────────────────────────────────────────────────────────────────────────────────────╮[39m
[34m│[39m                                                                                                                                               [34m│[39m
[34m│[39m ⠙ Waiting for auth... (Press ESC or CTRL+C to cancel)                                                                                         [34m│[39m
[34m│[39m                                                                                                                                               [34m│[39m
[34m╰───────────────────────────────────────────────────────────────────────────────────────────────────────────────────────────────────────────────╯[39m
[2K[1A[2K[1A[2K[1A[2K[1A[2K[1A[2K[G[34m╭───────────────────────────────────────────────────────────────────────────────────────────────────────────────────────────────────────────────╮[39m
[34m│[39m                                                                                                                                               [34m│[39m
[34m│[39m ⠹ Waiting for auth... (Press ESC or CTRL+C to cancel)                                                                                         [34m│[39m
[34m│[39m                                                                                                                                               [34m│[39m
[34m╰───────────────────────────────────────────────────────────────────────────────────────────────────────────────────────────────────────────────╯[39m
[2K[1A[2K[1A[2K[1A[2K[1A[2K[1A[2K[G[34m╭───────────────────────────────────────────────────────────────────────────────────────────────────────────────────────────────────────────────╮[39m
[34m│[39m                                                                                                                                               [34m│[39m
[34m│[39m ⠸ Waiting for auth... (Press ESC or CTRL+C to cancel)                                                                                         [34m│[39m
[34m│[39m                                                                                                                                               [34m│[39m
[34m╰───────────────────────────────────────────────────────────────────────────────────────────────────────────────────────────────────────────────╯[39m
[2K[1A[2K[1A[2K[1A[2K[1A[2K[1A[2K[G[34m╭───────────────────────────────────────────────────────────────────────────────────────────────────────────────────────────────────────────────╮[39m
[34m│[39m                                                                                                                                               [34m│[39m
[34m│[39m ⠼ Waiting for auth... (Press ESC or CTRL+C to cancel)                                                                                         [34m│[39m
[34m│[39m                                                                                                                                               [34m│[39m
[34m╰───────────────────────────────────────────────────────────────────────────────────────────────────────────────────────────────────────────────╯[39m
[2K[1A[2K[1A[2K[1A[2K[1A[2K[1A[2K[G[34m╭───────────────────────────────────────────────────────────────────────────────────────────────────────────────────────────────────────────────╮[39m
[34m│[39m                                                                                                                                               [34m│[39m
[34m│[39m ⠴ Waiting for auth... (Press ESC or CTRL+C to cancel)                                                                                         [34m│[39m
[34m│[39m                                                                                                                                               [34m│[39m
[34m╰───────────────────────────────────────────────────────────────────────────────────────────────────────────────────────────────────────────────╯[39m
[2K[1A[2K[1A[2K[1A[2K[1A[2K[1A[2K[G[34m╭───────────────────────────────────────────────────────────────────────────────────────────────────────────────────────────────────────────────╮[39m
[34m│[39m                                                                                                                                               [34m│[39m
[34m│[39m ⠦ Waiting for auth... (Press ESC or CTRL+C to cancel)                                                                                         [34m│[39m
[34m│[39m                                                                                                                                               [34m│[39m
[34m╰───────────────────────────────────────────────────────────────────────────────────────────────────────────────────────────────────────────────╯[39m
[2K[1A[2K[1A[2K[1A[2K[1A[2K[1A[2K[G
[34mUsing: 1 GEMINI.md file[39m
[97m╭───────────────────────────────────────────────────────────────────────────────────────────────────────────────────────────────────────────────╮[39m
[97m│[39m [97m> [39m[7m [27m[34m Type your message or @path/to/file[39m                                                                                                        [97m│[39m
[97m╰───────────────────────────────────────────────────────────────────────────────────────────────────────────────────────────────────────────────╯[39m
[97m/codex/test1[34m (master*)[39m                               [97mno sandbox [34m(see /docs)[39m                                 [97m gemini-2.5-pro [34m(100% context left)[39m
[2K[1A[2K[1A[2K[1A[2K[1A[2K[1A[2K[1A[2K[G
[34mUsing: 1 GEMINI.md file[39m
[97m╭───────────────────────────────────────────────────────────────────────────────────────────────────────────────────────────────────────────────╮[39m
[97m│[39m [97m> [39m반[7m [27m                                                                                                                                         [97m│[39m
[97m╰───────────────────────────────────────────────────────────────────────────────────────────────────────────────────────────────────────────────╯[39m
[97m/codex/test1[34m (master*)[39m                               [97mno sandbox [34m(see /docs)[39m                                 [97m gemini-2.5-pro [34m(100% context left)[39m
[2K[1A[2K[1A[2K[1A[2K[1A[2K[1A[2K[1A[2K[G
[34mUsing: 1 GEMINI.md file[39m
[97m╭───────────────────────────────────────────────────────────────────────────────────────────────────────────────────────────────────────────────╮[39m
[97m│[39m [97m> [39m반가[7m [27m                                                                                                                                       [97m│[39m
[97m╰───────────────────────────────────────────────────────────────────────────────────────────────────────────────────────────────────────────────╯[39m
[97m/codex/test1[34m (master*)[39m                               [97mno sandbox [34m(see /docs)[39m                                 [97m gemini-2.5-pro [34m(100% context left)[39m
[2K[1A[2K[1A[2K[1A[2K[1A[2K[1A[2K[1A[2K[G
[34mUsing: 1 GEMINI.md file[39m
[97m╭───────────────────────────────────────────────────────────────────────────────────────────────────────────────────────────────────────────────╮[39m
[97m│[39m [97m> [39m반가워[7m [27m                                                                                                                                     [97m│[39m
[97m╰───────────────────────────────────────────────────────────────────────────────────────────────────────────────────────────────────────────────╯[39m
[97m/codex/test1[34m (master*)[39m                               [97mno sandbox [34m(see /docs)[39m                                 [97m gemini-2.5-pro [34m(100% context left)[39m
[2K[1A[2K[1A[2K[1A[2K[1A[2K[1A[2K[1A[2K[G
[34mUsing: 1 GEMINI.md file[39m
[97m╭───────────────────────────────────────────────────────────────────────────────────────────────────────────────────────────────────────────────╮[39m
[97m│[39m [97m> [39m반가워 [7m [27m                                                                                                                                    [97m│[39m
[97m╰───────────────────────────────────────────────────────────────────────────────────────────────────────────────────────────────────────────────╯[39m
[97m/codex/test1[34m (master*)[39m                               [97mno sandbox [34m(see /docs)[39m                                 [97m gemini-2.5-pro [34m(100% context left)[39m
[2K[1A[2K[1A[2K[1A[2K[1A[2K[1A[2K[1A[2K[G
[34mUsing: 1 GEMINI.md file[39m
[97m╭───────────────────────────────────────────────────────────────────────────────────────────────────────────────────────────────────────────────╮[39m
[97m│[39m [97m> [39m반가워 지[7m [27m                                                                                                                                  [97m│[39m
[97m╰───────────────────────────────────────────────────────────────────────────────────────────────────────────────────────────────────────────────╯[39m
[97m/codex/test1[34m (master*)[39m                               [97mno sandbox [34m(see /docs)[39m                                 [97m gemini-2.5-pro [34m(100% context left)[39m
[2K[1A[2K[1A[2K[1A[2K[1A[2K[1A[2K[1A[2K[G
[34mUsing: 1 GEMINI.md file[39m
[97m╭───────────────────────────────────────────────────────────────────────────────────────────────────────────────────────────────────────────────╮[39m
[97m│[39m [97m> [39m반가워 지금[7m [27m                                                                                                                                [97m│[39m
[97m╰───────────────────────────────────────────────────────────────────────────────────────────────────────────────────────────────────────────────╯[39m
[97m/codex/test1[34m (master*)[39m                               [97mno sandbox [34m(see /docs)[39m                                 [97m gemini-2.5-pro [34m(100% context left)[39m
[2K[1A[2K[1A[2K[1A[2K[1A[2K[1A[2K[1A[2K[G
[34mUsing: 1 GEMINI.md file[39m
[97m╭───────────────────────────────────────────────────────────────────────────────────────────────────────────────────────────────────────────────╮[39m
[97m│[39m [97m> [39m반가워 지금 [7m [27m                                                                                                                               [97m│[39m
[97m╰───────────────────────────────────────────────────────────────────────────────────────────────────────────────────────────────────────────────╯[39m
[97m/codex/test1[34m (master*)[39m                               [97mno sandbox [34m(see /docs)[39m                                 [97m gemini-2.5-pro [34m(100% context left)[39m
[2K[1A[2K[1A[2K[1A[2K[1A[2K[1A[2K[1A[2K[G
[34mUsing: 1 GEMINI.md file[39m
[97m╭───────────────────────────────────────────────────────────────────────────────────────────────────────────────────────────────────────────────╮[39m
[97m│[39m [97m> [39m반가워 지금 s[7m [27m                                                                                                                              [97m│[39m
[97m╰───────────────────────────────────────────────────────────────────────────────────────────────────────────────────────────────────────────────╯[39m
[97m/codex/test1[34m (master*)[39m                               [97mno sandbox [34m(see /docs)[39m                                 [97m gemini-2.5-pro [34m(100% context left)[39m
[2K[1A[2K[1A[2K[1A[2K[1A[2K[1A[2K[1A[2K[G
[34mUsing: 1 GEMINI.md file[39m
[97m╭───────────────────────────────────────────────────────────────────────────────────────────────────────────────────────────────────────────────╮[39m
[97m│[39m [97m> [39m반가워 지금 sc[7m [27m                                                                                                                             [97m│[39m
[97m╰───────────────────────────────────────────────────────────────────────────────────────────────────────────────────────────────────────────────╯[39m
[97m/codex/test1[34m (master*)[39m                               [97mno sandbox [34m(see /docs)[39m                                 [97m gemini-2.5-pro [34m(100% context left)[39m
[2K[1A[2K[1A[2K[1A[2K[1A[2K[1A[2K[1A[2K[G
[34mUsing: 1 GEMINI.md file[39m
[97m╭───────────────────────────────────────────────────────────────────────────────────────────────────────────────────────────────────────────────╮[39m
[97m│[39m [97m> [39m반가워 지금 scr[7m [27m                                                                                                                            [97m│[39m
[97m╰───────────────────────────────────────────────────────────────────────────────────────────────────────────────────────────────────────────────╯[39m
[97m/codex/test1[34m (master*)[39m                               [97mno sandbox [34m(see /docs)[39m                                 [97m gemini-2.5-pro [34m(100% context left)[39m
[2K[1A[2K[1A[2K[1A[2K[1A[2K[1A[2K[1A[2K[G
[34mUsing: 1 GEMINI.md file[39m
[97m╭───────────────────────────────────────────────────────────────────────────────────────────────────────────────────────────────────────────────╮[39m
[97m│[39m [97m> [39m반가워 지금 scri[7m [27m                                                                                                                           [97m│[39m
[97m╰───────────────────────────────────────────────────────────────────────────────────────────────────────────────────────────────────────────────╯[39m
[97m/codex/test1[34m (master*)[39m                               [97mno sandbox [34m(see /docs)[39m                                 [97m gemini-2.5-pro [34m(100% context left)[39m
[2K[1A[2K[1A[2K[1A[2K[1A[2K[1A[2K[1A[2K[G
[34mUsing: 1 GEMINI.md file[39m
[97m╭───────────────────────────────────────────────────────────────────────────────────────────────────────────────────────────────────────────────╮[39m
[97m│[39m [97m> [39m반가워 지금 scrip[7m [27m                                                                                                                          [97m│[39m
[97m╰───────────────────────────────────────────────────────────────────────────────────────────────────────────────────────────────────────────────╯[39m
[97m/codex/test1[34m (master*)[39m                               [97mno sandbox [34m(see /docs)[39m                                 [97m gemini-2.5-pro [34m(100% context left)[39m
[2K[1A[2K[1A[2K[1A[2K[1A[2K[1A[2K[1A[2K[G
[34mUsing: 1 GEMINI.md file[39m
[97m╭───────────────────────────────────────────────────────────────────────────────────────────────────────────────────────────────────────────────╮[39m
[97m│[39m [97m> [39m반가워 지금 script[7m [27m                                                                                                                         [97m│[39m
[97m╰───────────────────────────────────────────────────────────────────────────────────────────────────────────────────────────────────────────────╯[39m
[97m/codex/test1[34m (master*)[39m                               [97mno sandbox [34m(see /docs)[39m                                 [97m gemini-2.5-pro [34m(100% context left)[39m
[2K[1A[2K[1A[2K[1A[2K[1A[2K[1A[2K[1A[2K[G
[34mUsing: 1 GEMINI.md file[39m
[97m╭───────────────────────────────────────────────────────────────────────────────────────────────────────────────────────────────────────────────╮[39m
[97m│[39m [97m> [39m반가워 지금 script [7m [27m                                                                                                                        [97m│[39m
[97m╰───────────────────────────────────────────────────────────────────────────────────────────────────────────────────────────────────────────────╯[39m
[97m/codex/test1[34m (master*)[39m                               [97mno sandbox [34m(see /docs)[39m                                 [97m gemini-2.5-pro [34m(100% context left)[39m
[2K[1A[2K[1A[2K[1A[2K[1A[2K[1A[2K[1A[2K[G
[34mUsing: 1 GEMINI.md file[39m
[97m╭───────────────────────────────────────────────────────────────────────────────────────────────────────────────────────────────────────────────╮[39m
[97m│[39m [97m> [39m반가워 지금 script 멸[7m [27m                                                                                                                      [97m│[39m
[97m╰───────────────────────────────────────────────────────────────────────────────────────────────────────────────────────────────────────────────╯[39m
[97m/codex/test1[34m (master*)[39m                               [97mno sandbox [34m(see /docs)[39m                                 [97m gemini-2.5-pro [34m(100% context left)[39m
[2K[1A[2K[1A[2K[1A[2K[1A[2K[1A[2K[1A[2K[G
[34mUsing: 1 GEMINI.md file[39m
[97m╭───────────────────────────────────────────────────────────────────────────────────────────────────────────────────────────────────────────────╮[39m
[97m│[39m [97m> [39m반가워 지금 script [7m [27m                                                                                                                        [97m│[39m
[97m╰───────────────────────────────────────────────────────────────────────────────────────────────────────────────────────────────────────────────╯[39m
[97m/codex/test1[34m (master*)[39m                               [97mno sandbox [34m(see /docs)[39m                                 [97m gemini-2.5-pro [34m(100% context left)[39m
[2K[1A[2K[1A[2K[1A[2K[1A[2K[1A[2K[1A[2K[G
[34mUsing: 1 GEMINI.md file[39m
[97m╭───────────────────────────────────────────────────────────────────────────────────────────────────────────────────────────────────────────────╮[39m
[97m│[39m [97m> [39m반가워 지금 script 명[7m [27m                                                                                                                      [97m│[39m
[97m╰───────────────────────────────────────────────────────────────────────────────────────────────────────────────────────────────────────────────╯[39m
[97m/codex/test1[34m (master*)[39m                               [97mno sandbox [34m(see /docs)[39m                                 [97m gemini-2.5-pro [34m(100% context left)[39m
[2K[1A[2K[1A[2K[1A[2K[1A[2K[1A[2K[1A[2K[G
[34mUsing: 1 GEMINI.md file[39m
[97m╭───────────────────────────────────────────────────────────────────────────────────────────────────────────────────────────────────────────────╮[39m
[97m│[39m [97m> [39m반가워 지금 script 명령[7m [27m                                                                                                                    [97m│[39m
[97m╰───────────────────────────────────────────────────────────────────────────────────────────────────────────────────────────────────────────────╯[39m
[97m/codex/test1[34m (master*)[39m                               [97mno sandbox [34m(see /docs)[39m                                 [97m gemini-2.5-pro [34m(100% context left)[39m
[2K[1A[2K[1A[2K[1A[2K[1A[2K[1A[2K[1A[2K[G
[34mUsing: 1 GEMINI.md file[39m
[97m╭───────────────────────────────────────────────────────────────────────────────────────────────────────────────────────────────────────────────╮[39m
[97m│[39m [97m> [39m반가워 지금 script 명령어 [7m [27m                                                                                                                 [97m│[39m
[97m╰───────────────────────────────────────────────────────────────────────────────────────────────────────────────────────────────────────────────╯[39m
[97m/codex/test1[34m (master*)[39m                               [97mno sandbox [34m(see /docs)[39m                                 [97m gemini-2.5-pro [34m(100% context left)[39m
[2K[1A[2K[1A[2K[1A[2K[1A[2K[1A[2K[1A[2K[G
[34mUsing: 1 GEMINI.md file[39m
[97m╭───────────────────────────────────────────────────────────────────────────────────────────────────────────────────────────────────────────────╮[39m
[97m│[39m [97m> [39m반가워 지금 script 명령어 테[7m [27m                                                                                                               [97m│[39m
[97m╰───────────────────────────────────────────────────────────────────────────────────────────────────────────────────────────────────────────────╯[39m
[97m/codex/test1[34m (master*)[39m                               [97mno sandbox [34m(see /docs)[39m                                 [97m gemini-2.5-pro [34m(100% context left)[39m
[2K[1A[2K[1A[2K[1A[2K[1A[2K[1A[2K[1A[2K[G
[34mUsing: 1 GEMINI.md file[39m
[97m╭───────────────────────────────────────────────────────────────────────────────────────────────────────────────────────────────────────────────╮[39m
[97m│[39m [97m> [39m반가워 지금 script 명령어 테스[7m [27m                                                                                                             [97m│[39m
[97m╰───────────────────────────────────────────────────────────────────────────────────────────────────────────────────────────────────────────────╯[39m
[97m/codex/test1[34m (master*)[39m                               [97mno sandbox [34m(see /docs)[39m                                 [97m gemini-2.5-pro [34m(100% context left)[39m
[2K[1A[2K[1A[2K[1A[2K[1A[2K[1A[2K[1A[2K[G
[34mUsing: 1 GEMINI.md file[39m
[97m╭───────────────────────────────────────────────────────────────────────────────────────────────────────────────────────────────────────────────╮[39m
[97m│[39m [97m> [39m반가워 지금 script 명령어 테스트[7m [27m                                                                                                           [97m│[39m
[97m╰───────────────────────────────────────────────────────────────────────────────────────────────────────────────────────────────────────────────╯[39m
[97m/codex/test1[34m (master*)[39m                               [97mno sandbox [34m(see /docs)[39m                                 [97m gemini-2.5-pro [34m(100% context left)[39m
[2K[1A[2K[1A[2K[1A[2K[1A[2K[1A[2K[1A[2K[G
[34mUsing: 1 GEMINI.md file[39m
[97m╭───────────────────────────────────────────────────────────────────────────────────────────────────────────────────────────────────────────────╮[39m
[97m│[39m [97m> [39m반가워 지금 script 명령어 테스트 [7m [27m                                                                                                          [97m│[39m
[97m╰───────────────────────────────────────────────────────────────────────────────────────────────────────────────────────────────────────────────╯[39m
[97m/codex/test1[34m (master*)[39m                               [97mno sandbox [34m(see /docs)[39m                                 [97m gemini-2.5-pro [34m(100% context left)[39m
[2K[1A[2K[1A[2K[1A[2K[1A[2K[1A[2K[1A[2K[G
[34mUsing: 1 GEMINI.md file[39m
[97m╭───────────────────────────────────────────────────────────────────────────────────────────────────────────────────────────────────────────────╮[39m
[97m│[39m [97m> [39m반가워 지금 script 명령어 테스트 중[7m [27m                                                                                                        [97m│[39m
[97m╰───────────────────────────────────────────────────────────────────────────────────────────────────────────────────────────────────────────────╯[39m
[97m/codex/test1[34m (master*)[39m                               [97mno sandbox [34m(see /docs)[39m                                 [97m gemini-2.5-pro [34m(100% context left)[39m
[2K[1A[2K[1A[2K[1A[2K[1A[2K[1A[2K[1A[2K[G
[34mUsing: 1 GEMINI.md file[39m
[97m╭───────────────────────────────────────────────────────────────────────────────────────────────────────────────────────────────────────────────╮[39m
[97m│[39m [97m> [39m반가워 지금 script 명령어 테스트 중이[7m [27m                                                                                                      [97m│[39m
[97m╰───────────────────────────────────────────────────────────────────────────────────────────────────────────────────────────────────────────────╯[39m
[97m/codex/test1[34m (master*)[39m                               [97mno sandbox [34m(see /docs)[39m                                 [97m gemini-2.5-pro [34m(100% context left)[39m
[2K[1A[2K[1A[2K[1A[2K[1A[2K[1A[2K[1A[2K[G
[34mUsing: 1 GEMINI.md file[39m
[97m╭───────────────────────────────────────────────────────────────────────────────────────────────────────────────────────────────────────────────╮[39m
[97m│[39m [97m> [39m반가워 지금 script 명령어 테스트 중이야[7m [27m                                                                                                    [97m│[39m
[97m╰───────────────────────────────────────────────────────────────────────────────────────────────────────────────────────────────────────────────╯[39m
[97m/codex/test1[34m (master*)[39m                               [97mno sandbox [34m(see /docs)[39m                                 [97m gemini-2.5-pro [34m(100% context left)[39m
[2K[1A[2K[1A[2K[1A[2K[1A[2K[1A[2K[1A[2K[G
  [2m반가워 지금 script 명령어 테스트 중이[22m

[34mUsing: 1 GEMINI.md file[39m
[97m╭───────────────────────────────────────────────────────────────────────────────────────────────────────────────────────────────────────────────╮[39m
[97m│[39m [97m> [39m[7m [27m[34m Type your message or @path/to/file[39m                                                                                                        [97m│[39m
[97m╰───────────────────────────────────────────────────────────────────────────────────────────────────────────────────────────────────────────────╯[39m
[97m/codex/test1[34m (master*)[39m                               [97mno sandbox [34m(see /docs)[39m                                 [97m gemini-2.5-pro [34m(100% context left)[39m
[2K[1A[2K[1A[2K[1A[2K[1A[2K[1A[2K[1A[2K[1A[2K[1A[2K[G
[34mUsing: 1 GEMINI.md file[39m
[97m╭───────────────────────────────────────────────────────────────────────────────────────────────────────────────────────────────────────────────╮[39m
[97m│[39m [97m> [39m[7m [27m[34m Type your message or @path/to/file[39m                                                                                                        [97m│[39m
[97m╰───────────────────────────────────────────────────────────────────────────────────────────────────────────────────────────────────────────────╯[39m
[97m/codex/test1[34m (master*)[39m                               [97mno sandbox [34m(see /docs)[39m                                 [97m gemini-2.5-pro [34m(100% context left)[39m
[2K[1A[2K[1A[2K[1A[2K[1A[2K[1A[2K[1A[2K[G
[34m╭───────────────────────────────────────────╮[39m
[34m│[39m  [34m> 반가워 지금 script 명령어 테스트 중이[39m  [34m│[39m
[34m╰───────────────────────────────────────────╯[39m

⠋ [97mI'm Feeling Lucky[34m (esc to cancel, 0s)[39m

[34mUsing: 1 GEMINI.md file[39m
[97m╭───────────────────────────────────────────────────────────────────────────────────────────────────────────────────────────────────────────────╮[39m
[97m│[39m [97m> [39m[7m [27m[34m Type your message or @path/to/file[39m                                                                                                        [97m│[39m
[97m╰───────────────────────────────────────────────────────────────────────────────────────────────────────────────────────────────────────────────╯[39m
[97m/codex/test1[34m (master*)[39m                               [97mno sandbox [34m(see /docs)[39m                                 [97m gemini-2.5-pro [34m(100% context left)[39m
[2K[1A[2K[1A[2K[1A[2K[1A[2K[1A[2K[1A[2K[1A[2K[G⠋ [97mI'm going the distance, I'm going for speed...[34m (esc to cancel, 0s)[39m

[34mUsing: 1 GEMINI.md file[39m
[97m╭───────────────────────────────────────────────────────────────────────────────────────────────────────────────────────────────────────────────╮[39m
[97m│[39m [97m> [39m[7m [27m[34m Type your message or @path/to/file[39m                                                                                                        [97m│[39m
[97m╰───────────────────────────────────────────────────────────────────────────────────────────────────────────────────────────────────────────────╯[39m
[97m/codex/test1[34m (master*)[39m                               [97mno sandbox [34m(see /docs)[39m                                 [97m gemini-2.5-pro [34m(100% context left)[39m
[2K[1A[2K[1A[2K[1A[2K[1A[2K[1A[2K[1A[2K[1A[2K[G⠙ [97mI'm going the distance, I'm going for speed...[34m (esc to cancel, 0s)[39m

[34mUsing: 1 GEMINI.md file[39m
[97m╭───────────────────────────────────────────────────────────────────────────────────────────────────────────────────────────────────────────────╮[39m
[97m│[39m [97m> [39m[7m [27m[34m Type your message or @path/to/file[39m                                                                                                        [97m│[39m
[97m╰───────────────────────────────────────────────────────────────────────────────────────────────────────────────────────────────────────────────╯[39m
[97m/codex/test1[34m (master*)[39m                               [97mno sandbox [34m(see /docs)[39m                                 [97m gemini-2.5-pro [34m(100% context left)[39m
[2K[1A[2K[1A[2K[1A[2K[1A[2K[1A[2K[1A[2K[1A[2K[G⠹ [97mI'm going the distance, I'm going for speed...[34m (esc to cancel, 0s)[39m

[34mUsing: 1 GEMINI.md file[39m
[97m╭───────────────────────────────────────────────────────────────────────────────────────────────────────────────────────────────────────────────╮[39m
[97m│[39m [97m> [39m[7m [27m[34m Type your message or @path/to/file[39m                                                                                                        [97m│[39m
[97m╰───────────────────────────────────────────────────────────────────────────────────────────────────────────────────────────────────────────────╯[39m
[97m/codex/test1[34m (master*)[39m                               [97mno sandbox [34m(see /docs)[39m                                 [97m gemini-2.5-pro [34m(100% context left)[39m
[2K[1A[2K[1A[2K[1A[2K[1A[2K[1A[2K[1A[2K[1A[2K[G⠸ [97mI'm going the distance, I'm going for speed...[34m (esc to cancel, 0s)[39m

[34mUsing: 1 GEMINI.md file[39m
[97m╭───────────────────────────────────────────────────────────────────────────────────────────────────────────────────────────────────────────────╮[39m
[97m│[39m [97m> [39m[7m [27m[34m Type your message or @path/to/file[39m                                                                                                        [97m│[39m
[97m╰───────────────────────────────────────────────────────────────────────────────────────────────────────────────────────────────────────────────╯[39m
[97m/codex/test1[34m (master*)[39m                               [97mno sandbox [34m(see /docs)[39m                                 [97m gemini-2.5-pro [34m(100% context left)[39m
[2K[1A[2K[1A[2K[1A[2K[1A[2K[1A[2K[1A[2K[1A[2K[G⠼ [97mI'm going the distance, I'm going for speed...[34m (esc to cancel, 0s)[39m

[34mUsing: 1 GEMINI.md file[39m
[97m╭───────────────────────────────────────────────────────────────────────────────────────────────────────────────────────────────────────────────╮[39m
[97m│[39m [97m> [39m[7m [27m[34m Type your message or @path/to/file[39m                                                                                                        [97m│[39m
[97m╰───────────────────────────────────────────────────────────────────────────────────────────────────────────────────────────────────────────────╯[39m
[97m/codex/test1[34m (master*)[39m                               [97mno sandbox [34m(see /docs)[39m                                 [97m gemini-2.5-pro [34m(100% context left)[39m
[2K[1A[2K[1A[2K[1A[2K[1A[2K[1A[2K[1A[2K[1A[2K[G⠴ [97mI'm going the distance, I'm going for speed...[34m (esc to cancel, 0s)[39m

[34mUsing: 1 GEMINI.md file[39m
[97m╭───────────────────────────────────────────────────────────────────────────────────────────────────────────────────────────────────────────────╮[39m
[97m│[39m [97m> [39m[7m [27m[34m Type your message or @path/to/file[39m                                                                                                        [97m│[39m
[97m╰───────────────────────────────────────────────────────────────────────────────────────────────────────────────────────────────────────────────╯[39m
[97m/codex/test1[34m (master*)[39m                               [97mno sandbox [34m(see /docs)[39m                                 [97m gemini-2.5-pro [34m(100% context left)[39m
[2K[1A[2K[1A[2K[1A[2K[1A[2K[1A[2K[1A[2K[1A[2K[G⠦ [97mI'm going the distance, I'm going for speed...[34m (esc to cancel, 0s)[39m

[34mUsing: 1 GEMINI.md file[39m
[97m╭───────────────────────────────────────────────────────────────────────────────────────────────────────────────────────────────────────────────╮[39m
[97m│[39m [97m> [39m[7m [27m[34m Type your message or @path/to/file[39m                                                                                                        [97m│[39m
[97m╰───────────────────────────────────────────────────────────────────────────────────────────────────────────────────────────────────────────────╯[39m
[97m/codex/test1[34m (master*)[39m                               [97mno sandbox [34m(see /docs)[39m                                 [97m gemini-2.5-pro [34m(100% context left)[39m
[2K[1A[2K[1A[2K[1A[2K[1A[2K[1A[2K[1A[2K[1A[2K[G⠧ [97mI'm going the distance, I'm going for speed...[34m (esc to cancel, 0s)[39m

[34mUsing: 1 GEMINI.md file[39m
[97m╭───────────────────────────────────────────────────────────────────────────────────────────────────────────────────────────────────────────────╮[39m
[97m│[39m [97m> [39m[7m [27m[34m Type your message or @path/to/file[39m                                                                                                        [97m│[39m
[97m╰───────────────────────────────────────────────────────────────────────────────────────────────────────────────────────────────────────────────╯[39m
[97m/codex/test1[34m (master*)[39m                               [97mno sandbox [34m(see /docs)[39m                                 [97m gemini-2.5-pro [34m(100% context left)[39m
[2K[1A[2K[1A[2K[1A[2K[1A[2K[1A[2K[1A[2K[1A[2K[G⠇ [97mI'm going the distance, I'm going for speed...[34m (esc to cancel, 0s)[39m

[34mUsing: 1 GEMINI.md file[39m
[97m╭───────────────────────────────────────────────────────────────────────────────────────────────────────────────────────────────────────────────╮[39m
[97m│[39m [97m> [39m[7m [27m[34m Type your message or @path/to/file[39m                                                                                                        [97m│[39m
[97m╰───────────────────────────────────────────────────────────────────────────────────────────────────────────────────────────────────────────────╯[39m
[97m/codex/test1[34m (master*)[39m                               [97mno sandbox [34m(see /docs)[39m                                 [97m gemini-2.5-pro [34m(100% context left)[39m
[2K[1A[2K[1A[2K[1A[2K[1A[2K[1A[2K[1A[2K[1A[2K[G⠏ [97mI'm going the distance, I'm going for speed...[34m (esc to cancel, 0s)[39m

[34mUsing: 1 GEMINI.md file[39m
[97m╭───────────────────────────────────────────────────────────────────────────────────────────────────────────────────────────────────────────────╮[39m
[97m│[39m [97m> [39m[7m [27m[34m Type your message or @path/to/file[39m                                                                                                        [97m│[39m
[97m╰───────────────────────────────────────────────────────────────────────────────────────────────────────────────────────────────────────────────╯[39m
[97m/codex/test1[34m (master*)[39m                               [97mno sandbox [34m(see /docs)[39m                                 [97m gemini-2.5-pro [34m(100% context left)[39m
[2K[1A[2K[1A[2K[1A[2K[1A[2K[1A[2K[1A[2K[1A[2K[G⠋ [97mI'm going the distance, I'm going for speed...[34m (esc to cancel, 0s)[39m

[34mUsing: 1 GEMINI.md file[39m
[97m╭───────────────────────────────────────────────────────────────────────────────────────────────────────────────────────────────────────────────╮[39m
[97m│[39m [97m> [39m[7m [27m[34m Type your message or @path/to/file[39m                                                                                                        [97m│[39m
[97m╰───────────────────────────────────────────────────────────────────────────────────────────────────────────────────────────────────────────────╯[39m
[97m/codex/test1[34m (master*)[39m                               [97mno sandbox [34m(see /docs)[39m                                 [97m gemini-2.5-pro [34m(100% context left)[39m
[2K[1A[2K[1A[2K[1A[2K[1A[2K[1A[2K[1A[2K[1A[2K[G⠙ [97mI'm going the distance, I'm going for speed...[34m (esc to cancel, 0s)[39m

[34mUsing: 1 GEMINI.md file[39m
[97m╭───────────────────────────────────────────────────────────────────────────────────────────────────────────────────────────────────────────────╮[39m
[97m│[39m [97m> [39m[7m [27m[34m Type your message or @path/to/file[39m                                                                                                        [97m│[39m
[97m╰───────────────────────────────────────────────────────────────────────────────────────────────────────────────────────────────────────────────╯[39m
[97m/codex/test1[34m (master*)[39m                               [97mno sandbox [34m(see /docs)[39m                                 [97m gemini-2.5-pro [34m(100% context left)[39m
[2K[1A[2K[1A[2K[1A[2K[1A[2K[1A[2K[1A[2K[1A[2K[G⠹ [97mI'm going the distance, I'm going for speed...[34m (esc to cancel, 0s)[39m

[34mUsing: 1 GEMINI.md file[39m
[97m╭───────────────────────────────────────────────────────────────────────────────────────────────────────────────────────────────────────────────╮[39m
[97m│[39m [97m> [39m[7m [27m[34m Type your message or @path/to/file[39m                                                                                                        [97m│[39m
[97m╰───────────────────────────────────────────────────────────────────────────────────────────────────────────────────────────────────────────────╯[39m
[97m/codex/test1[34m (master*)[39m                               [97mno sandbox [34m(see /docs)[39m                                 [97m gemini-2.5-pro [34m(100% context left)[39m
[2K[1A[2K[1A[2K[1A[2K[1A[2K[1A[2K[1A[2K[1A[2K[G⠹ [97mI'm going the distance, I'm going for speed...[34m (esc to cancel, 1s)[39m

[34mUsing: 1 GEMINI.md file[39m
[97m╭───────────────────────────────────────────────────────────────────────────────────────────────────────────────────────────────────────────────╮[39m
[97m│[39m [97m> [39m[7m [27m[34m Type your message or @path/to/file[39m                                                                                                        [97m│[39m
[97m╰───────────────────────────────────────────────────────────────────────────────────────────────────────────────────────────────────────────────╯[39m
[97m/codex/test1[34m (master*)[39m                               [97mno sandbox [34m(see /docs)[39m                                 [97m gemini-2.5-pro [34m(100% context left)[39m
[2K[1A[2K[1A[2K[1A[2K[1A[2K[1A[2K[1A[2K[1A[2K[G⠸ [97mI'm going the distance, I'm going for speed...[34m (esc to cancel, 1s)[39m

[34mUsing: 1 GEMINI.md file[39m
[97m╭───────────────────────────────────────────────────────────────────────────────────────────────────────────────────────────────────────────────╮[39m
[97m│[39m [97m> [39m[7m [27m[34m Type your message or @path/to/file[39m                                                                                                        [97m│[39m
[97m╰───────────────────────────────────────────────────────────────────────────────────────────────────────────────────────────────────────────────╯[39m
[97m/codex/test1[34m (master*)[39m                               [97mno sandbox [34m(see /docs)[39m                                 [97m gemini-2.5-pro [34m(100% context left)[39m
[2K[1A[2K[1A[2K[1A[2K[1A[2K[1A[2K[1A[2K[1A[2K[G⠼ [97mI'm going the distance, I'm going for speed...[34m (esc to cancel, 1s)[39m

[34mUsing: 1 GEMINI.md file[39m
[97m╭───────────────────────────────────────────────────────────────────────────────────────────────────────────────────────────────────────────────╮[39m
[97m│[39m [97m> [39m[7m [27m[34m Type your message or @path/to/file[39m                                                                                                        [97m│[39m
[97m╰───────────────────────────────────────────────────────────────────────────────────────────────────────────────────────────────────────────────╯[39m
[97m/codex/test1[34m (master*)[39m                               [97mno sandbox [34m(see /docs)[39m                                 [97m gemini-2.5-pro [34m(100% context left)[39m
[2K[1A[2K[1A[2K[1A[2K[1A[2K[1A[2K[1A[2K[1A[2K[G⠴ [97mI'm going the distance, I'm going for speed...[34m (esc to cancel, 1s)[39m

[34mUsing: 1 GEMINI.md file[39m
[97m╭───────────────────────────────────────────────────────────────────────────────────────────────────────────────────────────────────────────────╮[39m
[97m│[39m [97m> [39m[7m [27m[34m Type your message or @path/to/file[39m                                                                                                        [97m│[39m
[97m╰───────────────────────────────────────────────────────────────────────────────────────────────────────────────────────────────────────────────╯[39m
[97m/codex/test1[34m (master*)[39m                               [97mno sandbox [34m(see /docs)[39m                                 [97m gemini-2.5-pro [34m(100% context left)[39m
[2K[1A[2K[1A[2K[1A[2K[1A[2K[1A[2K[1A[2K[1A[2K[G⠦ [97mI'm going the distance, I'm going for speed...[34m (esc to cancel, 1s)[39m

[34mUsing: 1 GEMINI.md file[39m
[97m╭───────────────────────────────────────────────────────────────────────────────────────────────────────────────────────────────────────────────╮[39m
[97m│[39m [97m> [39m[7m [27m[34m Type your message or @path/to/file[39m                                                                                                        [97m│[39m
[97m╰───────────────────────────────────────────────────────────────────────────────────────────────────────────────────────────────────────────────╯[39m
[97m/codex/test1[34m (master*)[39m                               [97mno sandbox [34m(see /docs)[39m                                 [97m gemini-2.5-pro [34m(100% context left)[39m
[2K[1A[2K[1A[2K[1A[2K[1A[2K[1A[2K[1A[2K[1A[2K[G⠧ [97mI'm going the distance, I'm going for speed...[34m (esc to cancel, 1s)[39m

[34mUsing: 1 GEMINI.md file[39m
[97m╭───────────────────────────────────────────────────────────────────────────────────────────────────────────────────────────────────────────────╮[39m
[97m│[39m [97m> [39m[7m [27m[34m Type your message or @path/to/file[39m                                                                                                        [97m│[39m
[97m╰───────────────────────────────────────────────────────────────────────────────────────────────────────────────────────────────────────────────╯[39m
[97m/codex/test1[34m (master*)[39m                               [97mno sandbox [34m(see /docs)[39m                                 [97m gemini-2.5-pro [34m(100% context left)[39m
[2K[1A[2K[1A[2K[1A[2K[1A[2K[1A[2K[1A[2K[1A[2K[G⠇ [97mI'm going the distance, I'm going for speed...[34m (esc to cancel, 1s)[39m

[34mUsing: 1 GEMINI.md file[39m
[97m╭───────────────────────────────────────────────────────────────────────────────────────────────────────────────────────────────────────────────╮[39m
[97m│[39m [97m> [39m[7m [27m[34m Type your message or @path/to/file[39m                                                                                                        [97m│[39m
[97m╰───────────────────────────────────────────────────────────────────────────────────────────────────────────────────────────────────────────────╯[39m
[97m/codex/test1[34m (master*)[39m                               [97mno sandbox [34m(see /docs)[39m                                 [97m gemini-2.5-pro [34m(100% context left)[39m
[2K[1A[2K[1A[2K[1A[2K[1A[2K[1A[2K[1A[2K[1A[2K[G⠏ [97mI'm going the distance, I'm going for speed...[34m (esc to cancel, 1s)[39m

[34mUsing: 1 GEMINI.md file[39m
[97m╭───────────────────────────────────────────────────────────────────────────────────────────────────────────────────────────────────────────────╮[39m
[97m│[39m [97m> [39m[7m [27m[34m Type your message or @path/to/file[39m                                                                                                        [97m│[39m
[97m╰───────────────────────────────────────────────────────────────────────────────────────────────────────────────────────────────────────────────╯[39m
[97m/codex/test1[34m (master*)[39m                               [97mno sandbox [34m(see /docs)[39m                                 [97m gemini-2.5-pro [34m(100% context left)[39m
[2K[1A[2K[1A[2K[1A[2K[1A[2K[1A[2K[1A[2K[1A[2K[G⠋ [97mI'm going the distance, I'm going for speed...[34m (esc to cancel, 1s)[39m

[34mUsing: 1 GEMINI.md file[39m
[97m╭───────────────────────────────────────────────────────────────────────────────────────────────────────────────────────────────────────────────╮[39m
[97m│[39m [97m> [39m[7m [27m[34m Type your message or @path/to/file[39m                                                                                                        [97m│[39m
[97m╰───────────────────────────────────────────────────────────────────────────────────────────────────────────────────────────────────────────────╯[39m
[97m/codex/test1[34m (master*)[39m                               [97mno sandbox [34m(see /docs)[39m                                 [97m gemini-2.5-pro [34m(100% context left)[39m
[2K[1A[2K[1A[2K[1A[2K[1A[2K[1A[2K[1A[2K[1A[2K[G⠙ [97mI'm going the distance, I'm going for speed...[34m (esc to cancel, 1s)[39m

[34mUsing: 1 GEMINI.md file[39m
[97m╭───────────────────────────────────────────────────────────────────────────────────────────────────────────────────────────────────────────────╮[39m
[97m│[39m [97m> [39m[7m [27m[34m Type your message or @path/to/file[39m                                                                                                        [97m│[39m
[97m╰───────────────────────────────────────────────────────────────────────────────────────────────────────────────────────────────────────────────╯[39m
[97m/codex/test1[34m (master*)[39m                               [97mno sandbox [34m(see /docs)[39m                                 [97m gemini-2.5-pro [34m(100% context left)[39m
[2K[1A[2K[1A[2K[1A[2K[1A[2K[1A[2K[1A[2K[1A[2K[G⠹ [97mI'm going the distance, I'm going for speed...[34m (esc to cancel, 1s)[39m

[34mUsing: 1 GEMINI.md file[39m
[97m╭───────────────────────────────────────────────────────────────────────────────────────────────────────────────────────────────────────────────╮[39m
[97m│[39m [97m> [39m[7m [27m[34m Type your message or @path/to/file[39m                                                                                                        [97m│[39m
[97m╰───────────────────────────────────────────────────────────────────────────────────────────────────────────────────────────────────────────────╯[39m
[97m/codex/test1[34m (master*)[39m                               [97mno sandbox [34m(see /docs)[39m                                 [97m gemini-2.5-pro [34m(100% context left)[39m
[2K[1A[2K[1A[2K[1A[2K[1A[2K[1A[2K[1A[2K[1A[2K[G⠸ [97mI'm going the distance, I'm going for speed...[34m (esc to cancel, 1s)[39m

[34mUsing: 1 GEMINI.md file[39m
[97m╭───────────────────────────────────────────────────────────────────────────────────────────────────────────────────────────────────────────────╮[39m
[97m│[39m [97m> [39m[7m [27m[34m Type your message or @path/to/file[39m                                                                                                        [97m│[39m
[97m╰───────────────────────────────────────────────────────────────────────────────────────────────────────────────────────────────────────────────╯[39m
[97m/codex/test1[34m (master*)[39m                               [97mno sandbox [34m(see /docs)[39m                                 [97m gemini-2.5-pro [34m(100% context left)[39m
[2K[1A[2K[1A[2K[1A[2K[1A[2K[1A[2K[1A[2K[1A[2K[G⠼ [97mI'm going the distance, I'm going for speed...[34m (esc to cancel, 1s)[39m

[34mUsing: 1 GEMINI.md file[39m
[97m╭───────────────────────────────────────────────────────────────────────────────────────────────────────────────────────────────────────────────╮[39m
[97m│[39m [97m> [39m[7m [27m[34m Type your message or @path/to/file[39m                                                                                                        [97m│[39m
[97m╰───────────────────────────────────────────────────────────────────────────────────────────────────────────────────────────────────────────────╯[39m
[97m/codex/test1[34m (master*)[39m                               [97mno sandbox [34m(see /docs)[39m                                 [97m gemini-2.5-pro [34m(100% context left)[39m
[2K[1A[2K[1A[2K[1A[2K[1A[2K[1A[2K[1A[2K[1A[2K[G⠼ [97mI'm going the distance, I'm going for speed...[34m (esc to cancel, 2s)[39m

[34mUsing: 1 GEMINI.md file[39m
[97m╭───────────────────────────────────────────────────────────────────────────────────────────────────────────────────────────────────────────────╮[39m
[97m│[39m [97m> [39m[7m [27m[34m Type your message or @path/to/file[39m                                                                                                        [97m│[39m
[97m╰───────────────────────────────────────────────────────────────────────────────────────────────────────────────────────────────────────────────╯[39m
[97m/codex/test1[34m (master*)[39m                               [97mno sandbox [34m(see /docs)[39m                                 [97m gemini-2.5-pro [34m(100% context left)[39m
[2K[1A[2K[1A[2K[1A[2K[1A[2K[1A[2K[1A[2K[1A[2K[G⠴ [97mI'm going the distance, I'm going for speed...[34m (esc to cancel, 2s)[39m

[34mUsing: 1 GEMINI.md file[39m
[97m╭───────────────────────────────────────────────────────────────────────────────────────────────────────────────────────────────────────────────╮[39m
[97m│[39m [97m> [39m[7m [27m[34m Type your message or @path/to/file[39m                                                                                                        [97m│[39m
[97m╰───────────────────────────────────────────────────────────────────────────────────────────────────────────────────────────────────────────────╯[39m
[97m/codex/test1[34m (master*)[39m                               [97mno sandbox [34m(see /docs)[39m                                 [97m gemini-2.5-pro [34m(100% context left)[39m
[2K[1A[2K[1A[2K[1A[2K[1A[2K[1A[2K[1A[2K[1A[2K[G⠦ [97mI'm going the distance, I'm going for speed...[34m (esc to cancel, 2s)[39m

[34mUsing: 1 GEMINI.md file[39m
[97m╭───────────────────────────────────────────────────────────────────────────────────────────────────────────────────────────────────────────────╮[39m
[97m│[39m [97m> [39m[7m [27m[34m Type your message or @path/to/file[39m                                                                                                        [97m│[39m
[97m╰───────────────────────────────────────────────────────────────────────────────────────────────────────────────────────────────────────────────╯[39m
[97m/codex/test1[34m (master*)[39m                               [97mno sandbox [34m(see /docs)[39m                                 [97m gemini-2.5-pro [34m(100% context left)[39m
[2K[1A[2K[1A[2K[1A[2K[1A[2K[1A[2K[1A[2K[1A[2K[G⠧ [97mI'm going the distance, I'm going for speed...[34m (esc to cancel, 2s)[39m

[34mUsing: 1 GEMINI.md file[39m
[97m╭───────────────────────────────────────────────────────────────────────────────────────────────────────────────────────────────────────────────╮[39m
[97m│[39m [97m> [39m[7m [27m[34m Type your message or @path/to/file[39m                                                                                                        [97m│[39m
[97m╰───────────────────────────────────────────────────────────────────────────────────────────────────────────────────────────────────────────────╯[39m
[97m/codex/test1[34m (master*)[39m                               [97mno sandbox [34m(see /docs)[39m                                 [97m gemini-2.5-pro [34m(100% context left)[39m
[2K[1A[2K[1A[2K[1A[2K[1A[2K[1A[2K[1A[2K[1A[2K[G⠇ [97mI'm going the distance, I'm going for speed...[34m (esc to cancel, 2s)[39m

[34mUsing: 1 GEMINI.md file[39m
[97m╭───────────────────────────────────────────────────────────────────────────────────────────────────────────────────────────────────────────────╮[39m
[97m│[39m [97m> [39m[7m [27m[34m Type your message or @path/to/file[39m                                                                                                        [97m│[39m
[97m╰───────────────────────────────────────────────────────────────────────────────────────────────────────────────────────────────────────────────╯[39m
[97m/codex/test1[34m (master*)[39m                               [97mno sandbox [34m(see /docs)[39m                                 [97m gemini-2.5-pro [34m(100% context left)[39m
[2K[1A[2K[1A[2K[1A[2K[1A[2K[1A[2K[1A[2K[1A[2K[G⠏ [97mI'm going the distance, I'm going for speed...[34m (esc to cancel, 2s)[39m

[34mUsing: 1 GEMINI.md file[39m
[97m╭───────────────────────────────────────────────────────────────────────────────────────────────────────────────────────────────────────────────╮[39m
[97m│[39m [97m> [39m[7m [27m[34m Type your message or @path/to/file[39m                                                                                                        [97m│[39m
[97m╰───────────────────────────────────────────────────────────────────────────────────────────────────────────────────────────────────────────────╯[39m
[97m/codex/test1[34m (master*)[39m                               [97mno sandbox [34m(see /docs)[39m                                 [97m gemini-2.5-pro [34m(100% context left)[39m
[2K[1A[2K[1A[2K[1A[2K[1A[2K[1A[2K[1A[2K[1A[2K[G⠋ [97mI'm going the distance, I'm going for speed...[34m (esc to cancel, 2s)[39m

[34mUsing: 1 GEMINI.md file[39m
[97m╭───────────────────────────────────────────────────────────────────────────────────────────────────────────────────────────────────────────────╮[39m
[97m│[39m [97m> [39m[7m [27m[34m Type your message or @path/to/file[39m                                                                                                        [97m│[39m
[97m╰───────────────────────────────────────────────────────────────────────────────────────────────────────────────────────────────────────────────╯[39m
[97m/codex/test1[34m (master*)[39m                               [97mno sandbox [34m(see /docs)[39m                                 [97m gemini-2.5-pro [34m(100% context left)[39m
[2K[1A[2K[1A[2K[1A[2K[1A[2K[1A[2K[1A[2K[1A[2K[G⠙ [97mI'm going the distance, I'm going for speed...[34m (esc to cancel, 2s)[39m

[34mUsing: 1 GEMINI.md file[39m
[97m╭───────────────────────────────────────────────────────────────────────────────────────────────────────────────────────────────────────────────╮[39m
[97m│[39m [97m> [39m[7m [27m[34m Type your message or @path/to/file[39m                                                                                                        [97m│[39m
[97m╰───────────────────────────────────────────────────────────────────────────────────────────────────────────────────────────────────────────────╯[39m
[97m/codex/test1[34m (master*)[39m                               [97mno sandbox [34m(see /docs)[39m                                 [97m gemini-2.5-pro [34m(100% context left)[39m
[2K[1A[2K[1A[2K[1A[2K[1A[2K[1A[2K[1A[2K[1A[2K[G⠹ [97mI'm going the distance, I'm going for speed...[34m (esc to cancel, 2s)[39m

[34mUsing: 1 GEMINI.md file[39m
[97m╭───────────────────────────────────────────────────────────────────────────────────────────────────────────────────────────────────────────────╮[39m
[97m│[39m [97m> [39m[7m [27m[34m Type your message or @path/to/file[39m                                                                                                        [97m│[39m
[97m╰───────────────────────────────────────────────────────────────────────────────────────────────────────────────────────────────────────────────╯[39m
[97m/codex/test1[34m (master*)[39m                               [97mno sandbox [34m(see /docs)[39m                                 [97m gemini-2.5-pro [34m(100% context left)[39m
[2K[1A[2K[1A[2K[1A[2K[1A[2K[1A[2K[1A[2K[1A[2K[G⠸ [97mI'm going the distance, I'm going for speed...[34m (esc to cancel, 2s)[39m

[34mUsing: 1 GEMINI.md file[39m
[97m╭───────────────────────────────────────────────────────────────────────────────────────────────────────────────────────────────────────────────╮[39m
[97m│[39m [97m> [39m[7m [27m[34m Type your message or @path/to/file[39m                                                                                                        [97m│[39m
[97m╰───────────────────────────────────────────────────────────────────────────────────────────────────────────────────────────────────────────────╯[39m
[97m/codex/test1[34m (master*)[39m                               [97mno sandbox [34m(see /docs)[39m                                 [97m gemini-2.5-pro [34m(100% context left)[39m
[2K[1A[2K[1A[2K[1A[2K[1A[2K[1A[2K[1A[2K[1A[2K[G⠼ [97mI'm going the distance, I'm going for speed...[34m (esc to cancel, 2s)[39m

[34mUsing: 1 GEMINI.md file[39m
[97m╭───────────────────────────────────────────────────────────────────────────────────────────────────────────────────────────────────────────────╮[39m
[97m│[39m [97m> [39m[7m [27m[34m Type your message or @path/to/file[39m                                                                                                        [97m│[39m
[97m╰───────────────────────────────────────────────────────────────────────────────────────────────────────────────────────────────────────────────╯[39m
[97m/codex/test1[34m (master*)[39m                               [97mno sandbox [34m(see /docs)[39m                                 [97m gemini-2.5-pro [34m(100% context left)[39m
[2K[1A[2K[1A[2K[1A[2K[1A[2K[1A[2K[1A[2K[1A[2K[G⠴ [97mI'm going the distance, I'm going for speed...[34m (esc to cancel, 2s)[39m

[34mUsing: 1 GEMINI.md file[39m
[97m╭───────────────────────────────────────────────────────────────────────────────────────────────────────────────────────────────────────────────╮[39m
[97m│[39m [97m> [39m[7m [27m[34m Type your message or @path/to/file[39m                                                                                                        [97m│[39m
[97m╰───────────────────────────────────────────────────────────────────────────────────────────────────────────────────────────────────────────────╯[39m
[97m/codex/test1[34m (master*)[39m                               [97mno sandbox [34m(see /docs)[39m                                 [97m gemini-2.5-pro [34m(100% context left)[39m
[2K[1A[2K[1A[2K[1A[2K[1A[2K[1A[2K[1A[2K[1A[2K[G⠦ [97mI'm going the distance, I'm going for speed...[34m (esc to cancel, 2s)[39m

[34mUsing: 1 GEMINI.md file[39m
[97m╭───────────────────────────────────────────────────────────────────────────────────────────────────────────────────────────────────────────────╮[39m
[97m│[39m [97m> [39m[7m [27m[34m Type your message or @path/to/file[39m                                                                                                        [97m│[39m
[97m╰───────────────────────────────────────────────────────────────────────────────────────────────────────────────────────────────────────────────╯[39m
[97m/codex/test1[34m (master*)[39m                               [97mno sandbox [34m(see /docs)[39m                                 [97m gemini-2.5-pro [34m(100% context left)[39m
[2K[1A[2K[1A[2K[1A[2K[1A[2K[1A[2K[1A[2K[1A[2K[G⠧ [97mI'm going the distance, I'm going for speed...[34m (esc to cancel, 2s)[39m

[34mUsing: 1 GEMINI.md file[39m
[97m╭───────────────────────────────────────────────────────────────────────────────────────────────────────────────────────────────────────────────╮[39m
[97m│[39m [97m> [39m[7m [27m[34m Type your message or @path/to/file[39m                                                                                                        [97m│[39m
[97m╰───────────────────────────────────────────────────────────────────────────────────────────────────────────────────────────────────────────────╯[39m
[97m/codex/test1[34m (master*)[39m                               [97mno sandbox [34m(see /docs)[39m                                 [97m gemini-2.5-pro [34m(100% context left)[39m
[2K[1A[2K[1A[2K[1A[2K[1A[2K[1A[2K[1A[2K[1A[2K[G⠧ [97mI'm going the distance, I'm going for speed...[34m (esc to cancel, 3s)[39m

[34mUsing: 1 GEMINI.md file[39m
[97m╭───────────────────────────────────────────────────────────────────────────────────────────────────────────────────────────────────────────────╮[39m
[97m│[39m [97m> [39m[7m [27m[34m Type your message or @path/to/file[39m                                                                                                        [97m│[39m
[97m╰───────────────────────────────────────────────────────────────────────────────────────────────────────────────────────────────────────────────╯[39m
[97m/codex/test1[34m (master*)[39m                               [97mno sandbox [34m(see /docs)[39m                                 [97m gemini-2.5-pro [34m(100% context left)[39m
[2K[1A[2K[1A[2K[1A[2K[1A[2K[1A[2K[1A[2K[1A[2K[G⠇ [97mI'm going the distance, I'm going for speed...[34m (esc to cancel, 3s)[39m

[34mUsing: 1 GEMINI.md file[39m
[97m╭───────────────────────────────────────────────────────────────────────────────────────────────────────────────────────────────────────────────╮[39m
[97m│[39m [97m> [39m[7m [27m[34m Type your message or @path/to/file[39m                                                                                                        [97m│[39m
[97m╰───────────────────────────────────────────────────────────────────────────────────────────────────────────────────────────────────────────────╯[39m
[97m/codex/test1[34m (master*)[39m                               [97mno sandbox [34m(see /docs)[39m                                 [97m gemini-2.5-pro [34m(100% context left)[39m
[2K[1A[2K[1A[2K[1A[2K[1A[2K[1A[2K[1A[2K[1A[2K[G⠏ [97mI'm going the distance, I'm going for speed...[34m (esc to cancel, 3s)[39m

[34mUsing: 1 GEMINI.md file[39m
[97m╭───────────────────────────────────────────────────────────────────────────────────────────────────────────────────────────────────────────────╮[39m
[97m│[39m [97m> [39m[7m [27m[34m Type your message or @path/to/file[39m                                                                                                        [97m│[39m
[97m╰───────────────────────────────────────────────────────────────────────────────────────────────────────────────────────────────────────────────╯[39m
[97m/codex/test1[34m (master*)[39m                               [97mno sandbox [34m(see /docs)[39m                                 [97m gemini-2.5-pro [34m(100% context left)[39m
[2K[1A[2K[1A[2K[1A[2K[1A[2K[1A[2K[1A[2K[1A[2K[G⠋ [97mI'm going the distance, I'm going for speed...[34m (esc to cancel, 3s)[39m

[34mUsing: 1 GEMINI.md file[39m
[97m╭───────────────────────────────────────────────────────────────────────────────────────────────────────────────────────────────────────────────╮[39m
[97m│[39m [97m> [39m[7m [27m[34m Type your message or @path/to/file[39m                                                                                                        [97m│[39m
[97m╰───────────────────────────────────────────────────────────────────────────────────────────────────────────────────────────────────────────────╯[39m
[97m/codex/test1[34m (master*)[39m                               [97mno sandbox [34m(see /docs)[39m                                 [97m gemini-2.5-pro [34m(100% context left)[39m
[2K[1A[2K[1A[2K[1A[2K[1A[2K[1A[2K[1A[2K[1A[2K[G⠙ [97mI'm going the distance, I'm going for speed...[34m (esc to cancel, 3s)[39m

[34mUsing: 1 GEMINI.md file[39m
[97m╭───────────────────────────────────────────────────────────────────────────────────────────────────────────────────────────────────────────────╮[39m
[97m│[39m [97m> [39m[7m [27m[34m Type your message or @path/to/file[39m                                                                                                        [97m│[39m
[97m╰───────────────────────────────────────────────────────────────────────────────────────────────────────────────────────────────────────────────╯[39m
[97m/codex/test1[34m (master*)[39m                               [97mno sandbox [34m(see /docs)[39m                                 [97m gemini-2.5-pro [34m(100% context left)[39m
[2K[1A[2K[1A[2K[1A[2K[1A[2K[1A[2K[1A[2K[1A[2K[G⠹ [97mI'm going the distance, I'm going for speed...[34m (esc to cancel, 3s)[39m

[34mUsing: 1 GEMINI.md file[39m
[97m╭───────────────────────────────────────────────────────────────────────────────────────────────────────────────────────────────────────────────╮[39m
[97m│[39m [97m> [39m[7m [27m[34m Type your message or @path/to/file[39m                                                                                                        [97m│[39m
[97m╰───────────────────────────────────────────────────────────────────────────────────────────────────────────────────────────────────────────────╯[39m
[97m/codex/test1[34m (master*)[39m                               [97mno sandbox [34m(see /docs)[39m                                 [97m gemini-2.5-pro [34m(100% context left)[39m
[2K[1A[2K[1A[2K[1A[2K[1A[2K[1A[2K[1A[2K[1A[2K[G⠸ [97mI'm going the distance, I'm going for speed...[34m (esc to cancel, 3s)[39m

[34mUsing: 1 GEMINI.md file[39m
[97m╭───────────────────────────────────────────────────────────────────────────────────────────────────────────────────────────────────────────────╮[39m
[97m│[39m [97m> [39m[7m [27m[34m Type your message or @path/to/file[39m                                                                                                        [97m│[39m
[97m╰───────────────────────────────────────────────────────────────────────────────────────────────────────────────────────────────────────────────╯[39m
[97m/codex/test1[34m (master*)[39m                               [97mno sandbox [34m(see /docs)[39m                                 [97m gemini-2.5-pro [34m(100% context left)[39m
[2K[1A[2K[1A[2K[1A[2K[1A[2K[1A[2K[1A[2K[1A[2K[G⠼ [97mI'm going the distance, I'm going for speed...[34m (esc to cancel, 3s)[39m

[34mUsing: 1 GEMINI.md file[39m
[97m╭───────────────────────────────────────────────────────────────────────────────────────────────────────────────────────────────────────────────╮[39m
[97m│[39m [97m> [39m[7m [27m[34m Type your message or @path/to/file[39m                                                                                                        [97m│[39m
[97m╰───────────────────────────────────────────────────────────────────────────────────────────────────────────────────────────────────────────────╯[39m
[97m/codex/test1[34m (master*)[39m                               [97mno sandbox [34m(see /docs)[39m                                 [97m gemini-2.5-pro [34m(100% context left)[39m
[2K[1A[2K[1A[2K[1A[2K[1A[2K[1A[2K[1A[2K[1A[2K[G⠼ [97mAcknowledging the User[34m (esc to cancel, 3s)[39m

[34mUsing: 1 GEMINI.md file[39m
[97m╭───────────────────────────────────────────────────────────────────────────────────────────────────────────────────────────────────────────────╮[39m
[97m│[39m [97m> [39m[7m [27m[34m Type your message or @path/to/file[39m                                                                                                        [97m│[39m
[97m╰───────────────────────────────────────────────────────────────────────────────────────────────────────────────────────────────────────────────╯[39m
[97m/codex/test1[34m (master*)[39m                               [97mno sandbox [34m(see /docs)[39m                                 [97m gemini-2.5-pro [34m(100% context left)[39m
[2K[1A[2K[1A[2K[1A[2K[1A[2K[1A[2K[1A[2K[1A[2K[G[97m✦ [39m네, 안녕하세요! 스크립트 명령어 테스트 중이시군요. 도움이 필요하시면 언제든지 말씀해주세요.
⠼ [97mAcknowledging the User[34m (esc to cancel, 3s)[39m

[34mUsing: 1 GEMINI.md file[39m
[97m╭───────────────────────────────────────────────────────────────────────────────────────────────────────────────────────────────────────────────╮[39m
[97m│[39m [97m> [39m[7m [27m[34m Type your message or @path/to/file[39m                                                                                                        [97m│[39m
[97m╰───────────────────────────────────────────────────────────────────────────────────────────────────────────────────────────────────────────────╯[39m
[97m/codex/test1[34m (master*)[39m                               [97mno sandbox [34m(see /docs)[39m                                 [97m gemini-2.5-pro [34m(100% context left)[39m
[2K[1A[2K[1A[2K[1A[2K[1A[2K[1A[2K[1A[2K[1A[2K[1A[2K[G[97m✦ [39m네, 안녕하세요! 스크립트 명령어 테스트 중이시군요. 도움이 필요하시면 언제든지 말씀해주세요.

[34mUsing: 1 GEMINI.md file[39m
[97m╭───────────────────────────────────────────────────────────────────────────────────────────────────────────────────────────────────────────────╮[39m
[97m│[39m [97m> [39m[7m [27m[34m Type your message or @path/to/file[39m                                                                                                        [97m│[39m
[97m╰───────────────────────────────────────────────────────────────────────────────────────────────────────────────────────────────────────────────╯[39m
[97m/codex/test1[34m (master*)[39m                                [97mno sandbox [34m(see /docs)[39m                                 [97m gemini-2.5-pro [34m(99% context left)[39m
[2K[1A[2K[1A[2K[1A[2K[1A[2K[1A[2K[1A[2K[G
[34mUsing: 1 GEMINI.md file[39m
[97m╭───────────────────────────────────────────────────────────────────────────────────────────────────────────────────────────────────────────────╮[39m
[97m│[39m [97m> [39m/[7m [27m                                                                                                                                          [97m│[39m
[97m╰───────────────────────────────────────────────────────────────────────────────────────────────────────────────────────────────────────────────╯[39m
[97m/codex/test1[34m (master*)[39m                                [97mno sandbox [34m(see /docs)[39m                                 [97m gemini-2.5-pro [34m(99% context left)[39m
[2K[1A[2K[1A[2K[1A[2K[1A[2K[1A[2K[1A[2K[G
[34mUsing: 1 GEMINI.md file[39m
[97m╭───────────────────────────────────────────────────────────────────────────────────────────────────────────────────────────────────────────────╮[39m
[97m│[39m [97m> [39m/[7m [27m                                                                                                                                          [97m│[39m
[97m╰───────────────────────────────────────────────────────────────────────────────────────────────────────────────────────────────────────────────╯[39m
 [97mabout[39m  [97mshow version info[39m
 [34mauth[39m  [34mchange the auth method[39m
 [34mbug[39m  [34msubmit a bug report[39m
 [34mchat[39m  [34mManage conversation history.[39m
 [34mclear[39m  [34mclear the screen and conversation history[39m
 [34mcompress[39m  [34mCompresses the context by replacing it with a summary.[39m
 [34mcopy[39m  [34mCopy the last result or code snippet to clipboard[39m
 [34mdocs[39m  [34mopen full Gemini CLI documentation in your browser[39m
 [90m▼[39m
 [90m(1/25)[39m
[97m/codex/test1[34m (master*)[39m                                [97mno sandbox [34m(see /docs)[39m                                 [97m gemini-2.5-pro [34m(99% context left)[39m
[2K[1A[2K[1A[2K[1A[2K[1A[2K[1A[2K[1A[2K[1A[2K[1A[2K[1A[2K[1A[2K[1A[2K[1A[2K[1A[2K[1A[2K[1A[2K[1A[2K[G
[34mUsing: 1 GEMINI.md file[39m
[97m╭───────────────────────────────────────────────────────────────────────────────────────────────────────────────────────────────────────────────╮[39m
[97m│[39m [97m> /e[39m[7m [27m                                                                                                                                         [97m│[39m
[97m╰───────────────────────────────────────────────────────────────────────────────────────────────────────────────────────────────────────────────╯[39m
 [97mabout[39m  [97mshow version info[39m
 [34mauth[39m  [34mchange the auth method[39m
 [34mbug[39m  [34msubmit a bug report[39m
 [34mchat[39m  [34mManage conversation history.[39m
 [34mclear[39m  [34mclear the screen and conversation history[39m
 [34mcompress[39m  [34mCompresses the context by replacing it with a summary.[39m
 [34mcopy[39m  [34mCopy the last result or code snippet to clipboard[39m
 [34mdocs[39m  [34mopen full Gemini CLI documentation in your browser[39m
 [90m▼[39m
 [90m(1/25)[39m
[97m/codex/test1[34m (master*)[39m                                [97mno sandbox [34m(see /docs)[39m                                 [97m gemini-2.5-pro [34m(99% context left)[39m
[2K[1A[2K[1A[2K[1A[2K[1A[2K[1A[2K[1A[2K[1A[2K[1A[2K[1A[2K[1A[2K[1A[2K[1A[2K[1A[2K[1A[2K[1A[2K[1A[2K[G
[34mUsing: 1 GEMINI.md file[39m
[97m╭───────────────────────────────────────────────────────────────────────────────────────────────────────────────────────────────────────────────╮[39m
[97m│[39m [97m> /e[39m[7m [27m                                                                                                                                         [97m│[39m
[97m╰───────────────────────────────────────────────────────────────────────────────────────────────────────────────────────────────────────────────╯[39m
 [97meditor[39m  [97mset external editor preference[39m
 [34mextensions[39m  [34mlist active extensions[39m
 [34mquit[39m  [34mexit the cli[39m
 [34mclear[39m  [34mclear the screen and conversation history[39m
 [34mcompress[39m  [34mCompresses the context by replacing it with a summary.[39m
 [34mdirectory[39m  [34mManage workspace directories[39m
 [34mhelp[39m  [34mfor help on gemini-cli[39m
 [34mide[39m  [34mmanage IDE integration[39m
 [90m▼[39m
 [90m(1/14)[39m
[97m/codex/test1[34m (master*)[39m                                [97mno sandbox [34m(see /docs)[39m                                 [97m gemini-2.5-pro [34m(99% context left)[39m
[2K[1A[2K[1A[2K[1A[2K[1A[2K[1A[2K[1A[2K[1A[2K[1A[2K[1A[2K[1A[2K[1A[2K[1A[2K[1A[2K[1A[2K[1A[2K[1A[2K[G
[34mUsing: 1 GEMINI.md file[39m
[97m╭───────────────────────────────────────────────────────────────────────────────────────────────────────────────────────────────────────────────╮[39m
[97m│[39m [97m> /ex[39m[7m [27m                                                                                                                                        [97m│[39m
[97m╰───────────────────────────────────────────────────────────────────────────────────────────────────────────────────────────────────────────────╯[39m
 [97meditor[39m  [97mset external editor preference[39m
 [34mextensions[39m  [34mlist active extensions[39m
 [34mquit[39m  [34mexit the cli[39m
 [34mclear[39m  [34mclear the screen and conversation history[39m
 [34mcompress[39m  [34mCompresses the context by replacing it with a summary.[39m
 [34mdirectory[39m  [34mManage workspace directories[39m
 [34mhelp[39m  [34mfor help on gemini-cli[39m
 [34mide[39m  [34mmanage IDE integration[39m
 [90m▼[39m
 [90m(1/14)[39m
[97m/codex/test1[34m (master*)[39m                                [97mno sandbox [34m(see /docs)[39m                                 [97m gemini-2.5-pro [34m(99% context left)[39m
[2K[1A[2K[1A[2K[1A[2K[1A[2K[1A[2K[1A[2K[1A[2K[1A[2K[1A[2K[1A[2K[1A[2K[1A[2K[1A[2K[1A[2K[1A[2K[1A[2K[G
[34mUsing: 1 GEMINI.md file[39m
[97m╭───────────────────────────────────────────────────────────────────────────────────────────────────────────────────────────────────────────────╮[39m
[97m│[39m [97m> /ex[39m[7m [27m                                                                                                                                        [97m│[39m
[97m╰───────────────────────────────────────────────────────────────────────────────────────────────────────────────────────────────────────────────╯[39m
 [97mextensions[39m  [97mlist active extensions[39m
 [34mquit[39m  [34mexit the cli[39m
[97m/codex/test1[34m (master*)[39m                                [97mno sandbox [34m(see /docs)[39m                                 [97m gemini-2.5-pro [34m(99% context left)[39m
[2K[1A[2K[1A[2K[1A[2K[1A[2K[1A[2K[1A[2K[1A[2K[1A[2K[G
[34mUsing: 1 GEMINI.md file[39m
[97m╭───────────────────────────────────────────────────────────────────────────────────────────────────────────────────────────────────────────────╮[39m
[97m│[39m [97m> /exi[39m[7m [27m                                                                                                                                       [97m│[39m
[97m╰───────────────────────────────────────────────────────────────────────────────────────────────────────────────────────────────────────────────╯[39m
 [97mextensions[39m  [97mlist active extensions[39m
 [34mquit[39m  [34mexit the cli[39m
[97m/codex/test1[34m (master*)[39m                                [97mno sandbox [34m(see /docs)[39m                                 [97m gemini-2.5-pro [34m(99% context left)[39m
[2K[1A[2K[1A[2K[1A[2K[1A[2K[1A[2K[1A[2K[1A[2K[1A[2K[G
[34mUsing: 1 GEMINI.md file[39m
[97m╭───────────────────────────────────────────────────────────────────────────────────────────────────────────────────────────────────────────────╮[39m
[97m│[39m [97m> /exi[39m[7m [27m                                                                                                                                       [97m│[39m
[97m╰───────────────────────────────────────────────────────────────────────────────────────────────────────────────────────────────────────────────╯[39m
 [97mquit[39m  [97mexit the cli[39m
 [34mextensions[39m  [34mlist active extensions[39m
[97m/codex/test1[34m (master*)[39m                                [97mno sandbox [34m(see /docs)[39m                                 [97m gemini-2.5-pro [34m(99% context left)[39m
[2K[1A[2K[1A[2K[1A[2K[1A[2K[1A[2K[1A[2K[1A[2K[1A[2K[G
[34mUsing: 1 GEMINI.md file[39m
[97m╭───────────────────────────────────────────────────────────────────────────────────────────────────────────────────────────────────────────────╮[39m
[97m│[39m [97m> /exit[39m[7m [27m                                                                                                                                      [97m│[39m
[97m╰───────────────────────────────────────────────────────────────────────────────────────────────────────────────────────────────────────────────╯[39m
 [97mquit[39m  [97mexit the cli[39m
 [34mextensions[39m  [34mlist active extensions[39m
[97m/codex/test1[34m (master*)[39m                                [97mno sandbox [34m(see /docs)[39m                                 [97m gemini-2.5-pro [34m(99% context left)[39m
[2K[1A[2K[1A[2K[1A[2K[1A[2K[1A[2K[1A[2K[1A[2K[1A[2K[G
[34mUsing: 1 GEMINI.md file[39m
[97m╭───────────────────────────────────────────────────────────────────────────────────────────────────────────────────────────────────────────────╮[39m
[97m│[39m [97m> /exit[39m[7m [27m                                                                                                                                      [97m│[39m
[97m╰───────────────────────────────────────────────────────────────────────────────────────────────────────────────────────────────────────────────╯[39m
 [97mquit[39m  [97mexit the cli[39m
[97m/codex/test1[34m (master*)[39m                                [97mno sandbox [34m(see /docs)[39m                                 [97m gemini-2.5-pro [34m(99% context left)[39m
[2K[1A[2K[1A[2K[1A[2K[1A[2K[1A[2K[1A[2K[1A[2K[G
  [2m/exit[22m

[34mUsing: 1 GEMINI.md file[39m
[97m╭───────────────────────────────────────────────────────────────────────────────────────────────────────────────────────────────────────────────╮[39m
[97m│[39m [97m> [39m[7m [27m[34m Type your message or @path/to/file[39m                                                                                                        [97m│[39m
[97m╰───────────────────────────────────────────────────────────────────────────────────────────────────────────────────────────────────────────────╯[39m
[97m/codex/test1[34m (master*)[39m                                [97mno sandbox [34m(see /docs)[39m                                 [97m gemini-2.5-pro [34m(99% context left)[39m
[2K[1A[2K[1A[2K[1A[2K[1A[2K[1A[2K[1A[2K[1A[2K[1A[2K[G
[34mUsing: 1 GEMINI.md file[39m
[97m╭───────────────────────────────────────────────────────────────────────────────────────────────────────────────────────────────────────────────╮[39m
[97m│[39m [97m> [39m[7m [27m[34m Type your message or @path/to/file[39m                                                                                                        [97m│[39m
[97m╰───────────────────────────────────────────────────────────────────────────────────────────────────────────────────────────────────────────────╯[39m
[97m/codex/test1[34m (master*)[39m                                [97mno sandbox [34m(see /docs)[39m                                 [97m gemini-2.5-pro [34m(99% context left)[39m
[2K[1A[2K[1A[2K[1A[2K[1A[2K[1A[2K[1A[2K[G
[97m╭───────────╮[39m
[97m│[39m  [97m> /quit[39m  [97m│[39m
[97m╰───────────╯[39m

[34m╭───────────────────────────────────────────────────────────────────────────────────────────────────────────────────────────────────────────────────────────────╮[39m
[34m│[39m                                                                                                                                                               [34m│[39m
[34m│[39m  [96mAgent poweri[94mn[95mg do[35mwn. Goodbye[91m![39m                                                                                                                                [34m│[39m
[34m│[39m                                                                                                                                                               [34m│[39m
[34m│[39m  [1mInteraction Summary[22m                                                                                                                                          [34m│[39m
[34m│[39m  [97mSession ID:[39m                 4694b2a5-e7ce-4dc4-b6fd-eb5a54ece368                                                                                             [34m│[39m
[34m│[39m  [97mTool Calls:[39m                 0 ( [37m✓ 0[39m [97mx 0[39m )                                                                                                                    [34m│[39m
[34m│[39m  [97mSuccess Rate:[39m               [97m0.0%[39m                                                                                                                             [34m│[39m
[34m│[39m                                                                                                                                                               [34m│[39m
[34m│[39m  [1mPerformance[22m                                                                                                                                                  [34m│[39m
[34m│[39m  [97mWall Time:[39m                  26.4s                                                                                                                            [34m│[39m
[34m│[39m  [97mAgent Active:[39m               3.0s                                                                                                                             [34m│[39m
[34m│[39m    » API Time:               3.0s [34m(100.0%)[39m                                                                                                                    [34m│[39m
[34m│[39m    » Tool Time:              0s [34m(0.0%)[39m                                                                                                                        [34m│[39m
[34m│[39m                                                                                                                                                               [34m│[39m
[34m│[39m                                                                                                                                                               [34m│[39m
[34m│[39m  [1mModel Usage[22m                  [1mReqs[22m   [1mInput Tokens[22m  [1mOutput Tokens[22m                                                                                              [34m│[39m
[34m│[39m  ───────────────────────────────────────────────────────────────                                                                                              [34m│[39m
[34m│[39m                                  1          [97m6,853[39m             [97m38[39m                                                                                              [34m│[39m
[34m│[39m                                                                                                                                                               [34m│[39m
[34m╰───────────────────────────────────────────────────────────────────────────────────────────────────────────────────────────────────────────────────────────────╯[39m

[?25h[?25h[?1004l[?2004l]2;[?25h]0;landlore@localhost:/codex/test1[?2004h[landlore@localhost test1]$ exit
[?2004lexit

Script done on 2025-09-19 22:14:49+09:00 [COMMAND_EXIT_CODE="0"]
